SKIP  [0] Check out the dispatched ref (FULL history — the gate resolves the DEPLOYED commit's objec
SKIP  [1] ENVIRONMENT GATE — a data-writing suite may only run against its declared target
SKIP  [2] Warm up + require the deployed build's SERVER CONTENT to equal this ref's
PASS  [3] Login as doctor and nurse
      sara.rahman: token issued
      maya.chen: token issued
SKIP  [4] ORD-113 was neutralized by the audited backfill (read-only; re-asserting every run IS the  (asserts a hosted-staging data artefact absent from a fresh local database)
PASS  [5] Clinical initiation on a patient with NO open encounter → 409 Conflict (chokepoint, not va
      create on discharged P-1017 -> HTTP 409
      precise 409: patient 'P-1017' has no open encounter — creating orders is not permitted: new care cannot be initiated on a closed episode
PASS  [6] encounterId is STRICTLY SERVER-DERIVED — supplying it in a mutation payload fails binding 
      create with client-supplied encounterId -> HTTP 400
      create with client-supplied encounterId -> HTTP 400
      modify with encounterId in changes -> HTTP 400
      encounterId rejected everywhere it could be supplied — scoping is the server's alone
PASS  [7] Admit THIS RUN's patient (unique MRN, dynamic free bed)
      admitted P-1028 on ENC-1028 (bed B-08)
FAIL(exit 1)  [8] Create signed med order + pending order — BOTH scoped to the open encounter
      Traceback (most recent call last):
        File "<string>", line 4, in <module>
      AssertionError: [{'orderId': 'ORD-147', 'adminId': '2026-09-30T02:00~r1', 'patientId': 'P-1028', 'bedId': 'B-08', 'medication': 'Vancomycin', 'dose': '1 g', 'route': 'IV over 60 min · q12h', 'scheduledTime': '2026-09-30 02:00', 'prn': False, 'status': 'scheduled', 'round': 1}]
NOT RUN (earlier failure) [9] MAR serves the order's doses while the encounter is open
NOT RUN (earlier failure) [10] Discharge → the cascade discontinues BOTH orders in the same transaction (audite
NOT RUN (earlier failure) [11] sign/modify/implement on the CLOSED encounter → 409 at the guard (live since the
NOT RUN (earlier failure) [12] MAR drops the discharged encounter's rows; documenting a dose → 409 at the choke
NOT RUN (earlier failure) [13] Readmit by patientId (the typed MRN is RETIRED) → same patient, same MRN, NEW en
NOT RUN (earlier failure) [14] Final discharge — the cascade closes out the readmission's order too (second cas
PASS  [15] Failure-path cleanup — release THIS run's encounters (runs on failure/cancel too)
      failure-path cleanup discharged ENC-1028
      cleanup verified: no active/pending order left on the run patient
SUITE FAILED
