clock (server wire, UTC): now=2026-10-04 23:16  run=231629
admitted synthetic P-1034 (ENC-1035) at B-16
hospital now 2026-10-05 02:16 · hospital midnight = 2026-10-04 21:00 UTC (UTC date 2026-10-04, hospital date 2026-10-05)
synthetic patient P-1034 (ENC-1035); 17 MAR rows:
  ORD-164 ADM-574                sched=2026-10-04 22:00  given     doc=2026-10-04 22:05 round=1
  ORD-164 ADM-575                sched=2026-10-04 23:05  held      doc=2026-10-04 23:16 round=2
  ORD-164 2026-10-05T00:05~r3    sched=2026-10-05 00:05  scheduled doc=— round=3
  ORD-165 ADM-576                sched=2026-10-04 22:00  given     doc=2026-10-04 22:10 round=1
  ORD-165 2026-10-05T02:10~r2    sched=2026-10-05 02:10  scheduled doc=— round=2
  ORD-166 2026-10-04T18:00~r1    sched=2026-10-04 18:00  scheduled doc=— round=1
  ORD-167 ADM-577                sched=2026-10-04 21:00  given     doc=2026-10-04 23:16 round=1
  ORD-167 2026-10-05T23:16~r2    sched=2026-10-05 23:16  scheduled doc=— round=2
  ORD-168 ADM-578                sched=2026-10-04 20:00  given     doc=2026-10-04 21:20 round=1
  ORD-168 2026-10-05T03:20~r2    sched=2026-10-05 03:20  scheduled doc=— round=2
  ORD-169 ADM-579                sched=—                 given     doc=2026-10-04 19:00 round=None
  ORD-169 ADM-580                sched=—                 given     doc=2026-10-04 23:16 round=None
  ORD-169 prn                    sched=—                 scheduled doc=— round=None
  ORD-170 ADM-581                sched=—                 given     doc=2026-10-04 18:30 round=None
  ORD-170 ondemand               sched=—                 scheduled doc=— round=None
  ORD-171 ADM-LEG2316292         sched=D-1 20:00         refused   doc=D-1 20:10 round=None
  ORD-171 ADM-LEG2316291         sched=08:00             given     doc=08:05 round=None
