clock (server wire, UTC): now=2026-10-04 23:21  run=232115
admitted synthetic P-1035 (ENC-1036) at B-16
hospital now 2026-10-05 02:21 · hospital midnight = 2026-10-04 21:00 UTC (UTC date 2026-10-04, hospital date 2026-10-05)
synthetic patient P-1035 (ENC-1036); 17 MAR rows:
  ORD-172 ADM-584                sched=2026-10-04 22:00  given     doc=2026-10-04 22:05 round=1
  ORD-172 ADM-585                sched=2026-10-04 23:05  held      doc=2026-10-04 23:21 round=2
  ORD-172 2026-10-05T00:05~r3    sched=2026-10-05 00:05  scheduled doc=— round=3
  ORD-173 ADM-586                sched=2026-10-04 22:00  given     doc=2026-10-04 22:10 round=1
  ORD-173 2026-10-05T02:10~r2    sched=2026-10-05 02:10  scheduled doc=— round=2
  ORD-174 2026-10-04T18:00~r1    sched=2026-10-04 18:00  scheduled doc=— round=1
  ORD-175 ADM-587                sched=2026-10-04 21:00  given     doc=2026-10-04 23:21 round=1
  ORD-175 2026-10-05T23:21~r2    sched=2026-10-05 23:21  scheduled doc=— round=2
  ORD-176 ADM-588                sched=2026-10-04 20:00  given     doc=2026-10-04 21:20 round=1
  ORD-176 2026-10-05T03:20~r2    sched=2026-10-05 03:20  scheduled doc=— round=2
  ORD-177 ADM-589                sched=—                 given     doc=2026-10-04 19:00 round=None
  ORD-177 ADM-590                sched=—                 given     doc=2026-10-04 23:21 round=None
  ORD-177 prn                    sched=—                 scheduled doc=— round=None
  ORD-178 ADM-591                sched=—                 given     doc=2026-10-04 18:30 round=None
  ORD-178 ondemand               sched=—                 scheduled doc=— round=None
  ORD-179 ADM-LEG2321152         sched=D-1 20:00         refused   doc=D-1 20:10 round=None
  ORD-179 ADM-LEG2321151         sched=08:00             given     doc=08:05 round=None
