clock (server wire, UTC): now=2026-10-04 23:24  run=232435
admitted synthetic P-1037 (ENC-1038) at B-16
hospital now 2026-10-05 02:24 · hospital midnight = 2026-10-04 21:00 UTC (UTC date 2026-10-04, hospital date 2026-10-05)
synthetic patient P-1037 (ENC-1038); 17 MAR rows:
  ORD-188 ADM-604                sched=2026-10-04 22:00  given     doc=2026-10-04 22:05 round=1
  ORD-188 ADM-605                sched=2026-10-04 23:05  held      doc=2026-10-04 23:24 round=2
  ORD-188 2026-10-05T00:05~r3    sched=2026-10-05 00:05  scheduled doc=— round=3
  ORD-189 ADM-606                sched=2026-10-04 22:00  given     doc=2026-10-04 22:10 round=1
  ORD-189 2026-10-05T02:10~r2    sched=2026-10-05 02:10  scheduled doc=— round=2
  ORD-190 2026-10-04T18:00~r1    sched=2026-10-04 18:00  scheduled doc=— round=1
  ORD-191 ADM-607                sched=2026-10-04 21:00  given     doc=2026-10-04 23:24 round=1
  ORD-191 2026-10-05T23:24~r2    sched=2026-10-05 23:24  scheduled doc=— round=2
  ORD-192 ADM-608                sched=2026-10-04 20:00  given     doc=2026-10-04 21:20 round=1
  ORD-192 2026-10-05T03:20~r2    sched=2026-10-05 03:20  scheduled doc=— round=2
  ORD-193 ADM-609                sched=—                 given     doc=2026-10-04 19:00 round=None
  ORD-193 ADM-610                sched=—                 given     doc=2026-10-04 23:24 round=None
  ORD-193 prn                    sched=—                 scheduled doc=— round=None
  ORD-194 ADM-611                sched=—                 given     doc=2026-10-04 18:30 round=None
  ORD-194 ondemand               sched=—                 scheduled doc=— round=None
  ORD-195 ADM-LEG2324352         sched=D-1 20:00         refused   doc=D-1 20:10 round=None
  ORD-195 ADM-LEG2324351         sched=08:00             given     doc=08:05 round=None
