FAIL R20 server next 2026-09-30 08:05 expected 2026-09-30 07:50
FAIL R20 client next 2026-09-30 08:05 expected 2026-09-30 07:50
FAIL R20 client audit note 2026-09-30 08:05 dose given at 2026-09-30 06:50 — round 3; next round due 2026-09-30 08:05 (q1h timer unchanged — an administration at 2026-09-30 07:05 already set it; an older time never rewinds it) expected to contain next round due 2026-09-30 07:50 (q1h from the actual administration time)
FAIL R20 server current {'adminId': '2026-09-30T08:05~r4', 'scheduledTime': '2026-09-30 08:05', 'status': 'scheduled', 'documentedTime': None, 'round': 4, 'timerFrom': '2026-09-30 07:05', 'timerRule': 'skipped'} expected {'current': '2026-09-30 07:50', 'round': 4, 'timerFrom': '2026-09-30 06:50', 'rule': 'given'}
FAIL R20 server identity 2026-09-30T08:05~r4
FAIL R20 server timerFrom {'adminId': '2026-09-30T08:05~r4', 'scheduledTime': '2026-09-30 08:05', 'status': 'scheduled', 'documentedTime': None, 'round': 4, 'timerFrom': '2026-09-30 07:05', 'timerRule': 'skipped'} {'current': '2026-09-30 07:50', 'round': 4, 'timerFrom': '2026-09-30 06:50', 'rule': 'given'}
FAIL R20 server rule {'adminId': '2026-09-30T08:05~r4', 'scheduledTime': '2026-09-30 08:05', 'status': 'scheduled', 'documentedTime': None, 'round': 4, 'timerFrom': '2026-09-30 07:05', 'timerRule': 'skipped'} {'current': '2026-09-30 07:50', 'round': 4, 'timerFrom': '2026-09-30 06:50', 'rule': 'given'}
FAIL R20 client current {'adminId': '2026-09-30T08:05~r4', 'scheduledTime': '2026-09-30 08:05', 'status': 'scheduled', 'documentedTime': None, 'round': 4, 'timerFrom': '2026-09-30 07:05', 'timerRule': 'skipped'} expected {'current': '2026-09-30 07:50', 'round': 4, 'timerFrom': '2026-09-30 06:50', 'rule': 'given'}
FAIL R20 client identity 2026-09-30T08:05~r4
FAIL R20 client timerFrom {'adminId': '2026-09-30T08:05~r4', 'scheduledTime': '2026-09-30 08:05', 'status': 'scheduled', 'documentedTime': None, 'round': 4, 'timerFrom': '2026-09-30 07:05', 'timerRule': 'skipped'} {'current': '2026-09-30 07:50', 'round': 4, 'timerFrom': '2026-09-30 06:50', 'rule': 'given'}
FAIL R20 client rule {'adminId': '2026-09-30T08:05~r4', 'scheduledTime': '2026-09-30 08:05', 'status': 'scheduled', 'documentedTime': None, 'round': 4, 'timerFrom': '2026-09-30 07:05', 'timerRule': 'skipped'} {'current': '2026-09-30 07:50', 'round': 4, 'timerFrom': '2026-09-30 06:50', 'rule': 'given'}
FAIL R20 server current {'adminId': '2026-09-30T08:05~r4', 'scheduledTime': '2026-09-30 08:05', 'status': 'scheduled', 'documentedTime': None, 'round': 4, 'timerFrom': '2026-09-30 07:05', 'timerRule': 'skipped'} expected {'current': '2026-09-30 07:50', 'round': 4, 'timerFrom': '2026-09-30 06:50', 'rule': 'given'}
FAIL R20 server identity 2026-09-30T08:05~r4
FAIL R20 server timerFrom {'adminId': '2026-09-30T08:05~r4', 'scheduledTime': '2026-09-30 08:05', 'status': 'scheduled', 'documentedTime': None, 'round': 4, 'timerFrom': '2026-09-30 07:05', 'timerRule': 'skipped'} {'current': '2026-09-30 07:50', 'round': 4, 'timerFrom': '2026-09-30 06:50', 'rule': 'given'}
FAIL R20 server rule {'adminId': '2026-09-30T08:05~r4', 'scheduledTime': '2026-09-30 08:05', 'status': 'scheduled', 'documentedTime': None, 'round': 4, 'timerFrom': '2026-09-30 07:05', 'timerRule': 'skipped'} {'current': '2026-09-30 07:50', 'round': 4, 'timerFrom': '2026-09-30 06:50', 'rule': 'given'}
FAIL R20 client current {'adminId': '2026-09-30T08:05~r4', 'scheduledTime': '2026-09-30 08:05', 'status': 'scheduled', 'documentedTime': None, 'round': 4, 'timerFrom': '2026-09-30 07:05', 'timerRule': 'skipped'} expected {'current': '2026-09-30 07:50', 'round': 4, 'timerFrom': '2026-09-30 06:50', 'rule': 'given'}
FAIL R20 client identity 2026-09-30T08:05~r4
FAIL R20 client timerFrom {'adminId': '2026-09-30T08:05~r4', 'scheduledTime': '2026-09-30 08:05', 'status': 'scheduled', 'documentedTime': None, 'round': 4, 'timerFrom': '2026-09-30 07:05', 'timerRule': 'skipped'} {'current': '2026-09-30 07:50', 'round': 4, 'timerFrom': '2026-09-30 06:50', 'rule': 'given'}
FAIL R20 client rule {'adminId': '2026-09-30T08:05~r4', 'scheduledTime': '2026-09-30 08:05', 'status': 'scheduled', 'documentedTime': None, 'round': 4, 'timerFrom': '2026-09-30 07:05', 'timerRule': 'skipped'} {'current': '2026-09-30 07:50', 'round': 4, 'timerFrom': '2026-09-30 06:50', 'rule': 'given'}
FAIL R20 server current {'adminId': '2026-09-30T08:05~r4', 'scheduledTime': '2026-09-30 08:05', 'status': 'scheduled', 'documentedTime': None, 'round': 4, 'timerFrom': '2026-09-30 07:05', 'timerRule': 'skipped'} expected {'current': '2026-09-30 07:50', 'round': 4, 'timerFrom': '2026-09-30 06:50', 'rule': 'given', 'dueCount': 1}
FAIL R20 server identity 2026-09-30T08:05~r4
FAIL R20 server timerFrom {'adminId': '2026-09-30T08:05~r4', 'scheduledTime': '2026-09-30 08:05', 'status': 'scheduled', 'documentedTime': None, 'round': 4, 'timerFrom': '2026-09-30 07:05', 'timerRule': 'skipped'} {'current': '2026-09-30 07:50', 'round': 4, 'timerFrom': '2026-09-30 06:50', 'rule': 'given', 'dueCount': 1}
FAIL R20 server rule {'adminId': '2026-09-30T08:05~r4', 'scheduledTime': '2026-09-30 08:05', 'status': 'scheduled', 'documentedTime': None, 'round': 4, 'timerFrom': '2026-09-30 07:05', 'timerRule': 'skipped'} {'current': '2026-09-30 07:50', 'round': 4, 'timerFrom': '2026-09-30 06:50', 'rule': 'given', 'dueCount': 1}
FAIL R20 client current {'adminId': '2026-09-30T08:05~r4', 'scheduledTime': '2026-09-30 08:05', 'status': 'scheduled', 'documentedTime': None, 'round': 4, 'timerFrom': '2026-09-30 07:05', 'timerRule': 'skipped'} expected {'current': '2026-09-30 07:50', 'round': 4, 'timerFrom': '2026-09-30 06:50', 'rule': 'given', 'dueCount': 1}
FAIL R20 client identity 2026-09-30T08:05~r4
FAIL R20 client timerFrom {'adminId': '2026-09-30T08:05~r4', 'scheduledTime': '2026-09-30 08:05', 'status': 'scheduled', 'documentedTime': None, 'round': 4, 'timerFrom': '2026-09-30 07:05', 'timerRule': 'skipped'} {'current': '2026-09-30 07:50', 'round': 4, 'timerFrom': '2026-09-30 06:50', 'rule': 'given', 'dueCount': 1}
FAIL R20 client rule {'adminId': '2026-09-30T08:05~r4', 'scheduledTime': '2026-09-30 08:05', 'status': 'scheduled', 'documentedTime': None, 'round': 4, 'timerFrom': '2026-09-30 07:05', 'timerRule': 'skipped'} {'current': '2026-09-30 07:50', 'round': 4, 'timerFrom': '2026-09-30 06:50', 'rule': 'given', 'dueCount': 1}
FAIL R20 DUE COUNT 2026-09-30 07:30 0 expected 1
FAIL R21 server next 2026-09-30 08:05 expected 2026-09-30 07:50
FAIL R21 client next 2026-09-30 08:05 expected 2026-09-30 07:50
FAIL R21 client audit note 2026-09-30 08:05 dose given at 2026-09-30 06:50 — round 3; next round due 2026-09-30 08:05 (q1h timer unchanged — an administration at 2026-09-30 07:05 already set it; an older time never rewinds it) expected to contain next round due 2026-09-30 07:50 (q1h from the actual administration time)
FAIL R21 server current {'adminId': '2026-09-30T08:05~r4', 'scheduledTime': '2026-09-30 08:05', 'status': 'scheduled', 'documentedTime': None, 'round': 4, 'timerFrom': '2026-09-30 07:05', 'timerRule': 'skipped'} expected {'current': '2026-09-30 07:50', 'round': 4, 'timerFrom': '2026-09-30 06:50', 'rule': 'given'}
FAIL R21 server identity 2026-09-30T08:05~r4
FAIL R21 server timerFrom {'adminId': '2026-09-30T08:05~r4', 'scheduledTime': '2026-09-30 08:05', 'status': 'scheduled', 'documentedTime': None, 'round': 4, 'timerFrom': '2026-09-30 07:05', 'timerRule': 'skipped'} {'current': '2026-09-30 07:50', 'round': 4, 'timerFrom': '2026-09-30 06:50', 'rule': 'given'}
FAIL R21 server rule {'adminId': '2026-09-30T08:05~r4', 'scheduledTime': '2026-09-30 08:05', 'status': 'scheduled', 'documentedTime': None, 'round': 4, 'timerFrom': '2026-09-30 07:05', 'timerRule': 'skipped'} {'current': '2026-09-30 07:50', 'round': 4, 'timerFrom': '2026-09-30 06:50', 'rule': 'given'}
FAIL R21 client current {'adminId': '2026-09-30T08:05~r4', 'scheduledTime': '2026-09-30 08:05', 'status': 'scheduled', 'documentedTime': None, 'round': 4, 'timerFrom': '2026-09-30 07:05', 'timerRule': 'skipped'} expected {'current': '2026-09-30 07:50', 'round': 4, 'timerFrom': '2026-09-30 06:50', 'rule': 'given'}
FAIL R21 client identity 2026-09-30T08:05~r4
FAIL R21 client timerFrom {'adminId': '2026-09-30T08:05~r4', 'scheduledTime': '2026-09-30 08:05', 'status': 'scheduled', 'documentedTime': None, 'round': 4, 'timerFrom': '2026-09-30 07:05', 'timerRule': 'skipped'} {'current': '2026-09-30 07:50', 'round': 4, 'timerFrom': '2026-09-30 06:50', 'rule': 'given'}
FAIL R21 client rule {'adminId': '2026-09-30T08:05~r4', 'scheduledTime': '2026-09-30 08:05', 'status': 'scheduled', 'documentedTime': None, 'round': 4, 'timerFrom': '2026-09-30 07:05', 'timerRule': 'skipped'} {'current': '2026-09-30 07:50', 'round': 4, 'timerFrom': '2026-09-30 06:50', 'rule': 'given'}
FAIL R21 server current {'adminId': '2026-09-30T08:05~r4', 'scheduledTime': '2026-09-30 08:05', 'status': 'scheduled', 'documentedTime': None, 'round': 4, 'timerFrom': '2026-09-30 07:05', 'timerRule': 'skipped'} expected {'current': '2026-09-30 07:50', 'round': 4, 'timerFrom': '2026-09-30 06:50', 'rule': 'given'}
FAIL R21 server identity 2026-09-30T08:05~r4
FAIL R21 server timerFrom {'adminId': '2026-09-30T08:05~r4', 'scheduledTime': '2026-09-30 08:05', 'status': 'scheduled', 'documentedTime': None, 'round': 4, 'timerFrom': '2026-09-30 07:05', 'timerRule': 'skipped'} {'current': '2026-09-30 07:50', 'round': 4, 'timerFrom': '2026-09-30 06:50', 'rule': 'given'}
FAIL R21 server rule {'adminId': '2026-09-30T08:05~r4', 'scheduledTime': '2026-09-30 08:05', 'status': 'scheduled', 'documentedTime': None, 'round': 4, 'timerFrom': '2026-09-30 07:05', 'timerRule': 'skipped'} {'current': '2026-09-30 07:50', 'round': 4, 'timerFrom': '2026-09-30 06:50', 'rule': 'given'}
FAIL R21 client current {'adminId': '2026-09-30T08:05~r4', 'scheduledTime': '2026-09-30 08:05', 'status': 'scheduled', 'documentedTime': None, 'round': 4, 'timerFrom': '2026-09-30 07:05', 'timerRule': 'skipped'} expected {'current': '2026-09-30 07:50', 'round': 4, 'timerFrom': '2026-09-30 06:50', 'rule': 'given'}
FAIL R21 client identity 2026-09-30T08:05~r4
FAIL R21 client timerFrom {'adminId': '2026-09-30T08:05~r4', 'scheduledTime': '2026-09-30 08:05', 'status': 'scheduled', 'documentedTime': None, 'round': 4, 'timerFrom': '2026-09-30 07:05', 'timerRule': 'skipped'} {'current': '2026-09-30 07:50', 'round': 4, 'timerFrom': '2026-09-30 06:50', 'rule': 'given'}
FAIL R21 client rule {'adminId': '2026-09-30T08:05~r4', 'scheduledTime': '2026-09-30 08:05', 'status': 'scheduled', 'documentedTime': None, 'round': 4, 'timerFrom': '2026-09-30 07:05', 'timerRule': 'skipped'} {'current': '2026-09-30 07:50', 'round': 4, 'timerFrom': '2026-09-30 06:50', 'rule': 'given'}
FAIL R21 server current {'adminId': '2026-09-30T08:05~r4', 'scheduledTime': '2026-09-30 08:05', 'status': 'scheduled', 'documentedTime': None, 'round': 4, 'timerFrom': '2026-09-30 07:05', 'timerRule': 'skipped'} expected {'current': '2026-09-30 07:50', 'round': 4, 'timerFrom': '2026-09-30 06:50', 'rule': 'given', 'dueCount': 1}
FAIL R21 server identity 2026-09-30T08:05~r4
FAIL R21 server timerFrom {'adminId': '2026-09-30T08:05~r4', 'scheduledTime': '2026-09-30 08:05', 'status': 'scheduled', 'documentedTime': None, 'round': 4, 'timerFrom': '2026-09-30 07:05', 'timerRule': 'skipped'} {'current': '2026-09-30 07:50', 'round': 4, 'timerFrom': '2026-09-30 06:50', 'rule': 'given', 'dueCount': 1}
FAIL R21 server rule {'adminId': '2026-09-30T08:05~r4', 'scheduledTime': '2026-09-30 08:05', 'status': 'scheduled', 'documentedTime': None, 'round': 4, 'timerFrom': '2026-09-30 07:05', 'timerRule': 'skipped'} {'current': '2026-09-30 07:50', 'round': 4, 'timerFrom': '2026-09-30 06:50', 'rule': 'given', 'dueCount': 1}
FAIL R21 client current {'adminId': '2026-09-30T08:05~r4', 'scheduledTime': '2026-09-30 08:05', 'status': 'scheduled', 'documentedTime': None, 'round': 4, 'timerFrom': '2026-09-30 07:05', 'timerRule': 'skipped'} expected {'current': '2026-09-30 07:50', 'round': 4, 'timerFrom': '2026-09-30 06:50', 'rule': 'given', 'dueCount': 1}
FAIL R21 client identity 2026-09-30T08:05~r4
FAIL R21 client timerFrom {'adminId': '2026-09-30T08:05~r4', 'scheduledTime': '2026-09-30 08:05', 'status': 'scheduled', 'documentedTime': None, 'round': 4, 'timerFrom': '2026-09-30 07:05', 'timerRule': 'skipped'} {'current': '2026-09-30 07:50', 'round': 4, 'timerFrom': '2026-09-30 06:50', 'rule': 'given', 'dueCount': 1}
FAIL R21 client rule {'adminId': '2026-09-30T08:05~r4', 'scheduledTime': '2026-09-30 08:05', 'status': 'scheduled', 'documentedTime': None, 'round': 4, 'timerFrom': '2026-09-30 07:05', 'timerRule': 'skipped'} {'current': '2026-09-30 07:50', 'round': 4, 'timerFrom': '2026-09-30 06:50', 'rule': 'given', 'dueCount': 1}
FAIL R21 DUE COUNT 2026-09-30 07:30 0 expected 1
FAIL R23 server next 2026-09-30 08:05 expected 2026-09-30 07:50
FAIL R23 client next 2026-09-30 08:05 expected 2026-09-30 07:50
FAIL R23 server current {'adminId': '2026-09-30T08:05~r4', 'scheduledTime': '2026-09-30 08:05', 'status': 'scheduled', 'documentedTime': None, 'round': 4, 'timerFrom': '2026-09-30 07:05', 'timerRule': 'skipped'} expected {'current': '2026-09-30 07:50', 'round': 4, 'timerFrom': '2026-09-30 06:50', 'rule': 'given'}
FAIL R23 server identity 2026-09-30T08:05~r4
FAIL R23 server timerFrom {'adminId': '2026-09-30T08:05~r4', 'scheduledTime': '2026-09-30 08:05', 'status': 'scheduled', 'documentedTime': None, 'round': 4, 'timerFrom': '2026-09-30 07:05', 'timerRule': 'skipped'} {'current': '2026-09-30 07:50', 'round': 4, 'timerFrom': '2026-09-30 06:50', 'rule': 'given'}
FAIL R23 server rule {'adminId': '2026-09-30T08:05~r4', 'scheduledTime': '2026-09-30 08:05', 'status': 'scheduled', 'documentedTime': None, 'round': 4, 'timerFrom': '2026-09-30 07:05', 'timerRule': 'skipped'} {'current': '2026-09-30 07:50', 'round': 4, 'timerFrom': '2026-09-30 06:50', 'rule': 'given'}
FAIL R23 client current {'adminId': '2026-09-30T08:05~r4', 'scheduledTime': '2026-09-30 08:05', 'status': 'scheduled', 'documentedTime': None, 'round': 4, 'timerFrom': '2026-09-30 07:05', 'timerRule': 'skipped'} expected {'current': '2026-09-30 07:50', 'round': 4, 'timerFrom': '2026-09-30 06:50', 'rule': 'given'}
FAIL R23 client identity 2026-09-30T08:05~r4
FAIL R23 client timerFrom {'adminId': '2026-09-30T08:05~r4', 'scheduledTime': '2026-09-30 08:05', 'status': 'scheduled', 'documentedTime': None, 'round': 4, 'timerFrom': '2026-09-30 07:05', 'timerRule': 'skipped'} {'current': '2026-09-30 07:50', 'round': 4, 'timerFrom': '2026-09-30 06:50', 'rule': 'given'}
FAIL R23 client rule {'adminId': '2026-09-30T08:05~r4', 'scheduledTime': '2026-09-30 08:05', 'status': 'scheduled', 'documentedTime': None, 'round': 4, 'timerFrom': '2026-09-30 07:05', 'timerRule': 'skipped'} {'current': '2026-09-30 07:50', 'round': 4, 'timerFrom': '2026-09-30 06:50', 'rule': 'given'}
FAIL R24 client audit note 2026-09-30 08:05 dose given at 2026-09-30 06:20 — round 3; next round due 2026-09-30 08:05 (q1h timer unchanged — an administration at 2026-09-30 07:05 already set it; an older time never rewinds it) expected to contain timer unchanged — the skipped dose due 2026-09-30 07:05 already set it
FAIL R24 server next 2026-09-30 08:05 expected 2026-09-30 08:00
FAIL R24 client next 2026-09-30 08:05 expected 2026-09-30 08:00
FAIL R24 server current {'adminId': '2026-09-30T08:05~r5', 'scheduledTime': '2026-09-30 08:05', 'status': 'scheduled', 'documentedTime': None, 'round': 5, 'timerFrom': '2026-09-30 07:05', 'timerRule': 'skipped'} expected {'current': '2026-09-30 08:00', 'round': 5, 'timerFrom': '2026-09-30 07:00', 'rule': 'given'}
FAIL R24 server identity 2026-09-30T08:05~r5
FAIL R24 server timerFrom {'adminId': '2026-09-30T08:05~r5', 'scheduledTime': '2026-09-30 08:05', 'status': 'scheduled', 'documentedTime': None, 'round': 5, 'timerFrom': '2026-09-30 07:05', 'timerRule': 'skipped'} {'current': '2026-09-30 08:00', 'round': 5, 'timerFrom': '2026-09-30 07:00', 'rule': 'given'}
FAIL R24 server rule {'adminId': '2026-09-30T08:05~r5', 'scheduledTime': '2026-09-30 08:05', 'status': 'scheduled', 'documentedTime': None, 'round': 5, 'timerFrom': '2026-09-30 07:05', 'timerRule': 'skipped'} {'current': '2026-09-30 08:00', 'round': 5, 'timerFrom': '2026-09-30 07:00', 'rule': 'given'}
FAIL R24 client current {'adminId': '2026-09-30T08:05~r5', 'scheduledTime': '2026-09-30 08:05', 'status': 'scheduled', 'documentedTime': None, 'round': 5, 'timerFrom': '2026-09-30 07:05', 'timerRule': 'skipped'} expected {'current': '2026-09-30 08:00', 'round': 5, 'timerFrom': '2026-09-30 07:00', 'rule': 'given'}
FAIL R24 client identity 2026-09-30T08:05~r5
FAIL R24 client timerFrom {'adminId': '2026-09-30T08:05~r5', 'scheduledTime': '2026-09-30 08:05', 'status': 'scheduled', 'documentedTime': None, 'round': 5, 'timerFrom': '2026-09-30 07:05', 'timerRule': 'skipped'} {'current': '2026-09-30 08:00', 'round': 5, 'timerFrom': '2026-09-30 07:00', 'rule': 'given'}
FAIL R24 client rule {'adminId': '2026-09-30T08:05~r5', 'scheduledTime': '2026-09-30 08:05', 'status': 'scheduled', 'documentedTime': None, 'round': 5, 'timerFrom': '2026-09-30 07:05', 'timerRule': 'skipped'} {'current': '2026-09-30 08:00', 'round': 5, 'timerFrom': '2026-09-30 07:00', 'rule': 'given'}
checks: 372 · failures: 77 · scenarios: 25
