SKIP  [0] Check out the dispatched ref (FULL history — the gate resolves the DEPLOYED commit's objec
SKIP  [1] ENVIRONMENT GATE — a data-writing suite may only run against its declared target
SKIP  [2] Warm up + require the deployed build's SERVER CONTENT to equal this ref's
PASS  [3] Login as doctor and nurse
      sara.rahman: token issued
      maya.chen: token issued
PASS  [4] Admit THIS RUN's patient (safety enforcement made the shared P-1001 untenable — accumulate
      admitted P-1017 (ENC-1017) at B-08
PASS  [5] Unauthenticated MAR read → 401
      GET /mar (no token) -> HTTP 401
PASS  [6] Both roles can READ the MAR; rows are facts + DATED derived instances (+ CORS)
      Access-Control-Allow-Origin: https://jaafer272007-design.github.io
      MAR rows: 12 · derived scheduled: 9 · documented facts: 3
      doctor MAR read -> HTTP 200
PASS  [7] Seed a signed med order for THIS RUN — NO stored schedule; the MAR derives its dated insta
      created ORD-110 (no stored schedule — correct)
      derived next instance: 2026-10-05T09:00~r1
      created PRN ORD-111
PASS  [8] RBAC polarity — doctor 403 on administer, nurse 200; ONE ACTION PER ROUND — a round before
      doctor administer -> HTTP 403
      nurse {"action":"given"} on round 1 before its time -> HTTP 409
        precise 409: dose round 1 is not due until 2026-10-05 09:00 — one action per dose round: it can be documented (given, held or refused) from its scheduled time, not before
      nurse {"action":"held","reason":"probe"} on round 1 before its time -> HTTP 409
        precise 409: dose round 1 is not due until 2026-10-05 09:00 — one action per dose round: it can be documented (given, held or refused) from its scheduled time, not before
      nurse {"action":"refused","reason":"probe"} on round 1 before its time -> HTTP 409
        precise 409: dose round 1 is not due until 2026-10-05 09:00 — one action per dose round: it can be documented (given, held or refused) from its scheduled time, not before
      nothing written: no administration fact, audit history unchanged
      the MAR still serves round 1: 2026-10-05T09:00~r1
      nurse given (PRN) by RN Maya Chen -> fact ADM-516
      PRN availability still offered (never consumed)
      re-document -> HTTP 409
      precise 409: dose 'ADM-516' was already documented as given by RN Maya Chen at 2026-10-05 08:08 — it is not awaiting documentation
      absent id (http://localhost:8080/api/icu/mar/ORD-0000/administrations/2026-10-05T09:00~r1) -> HTTP 404
      absent id (http://localhost:8080/api/icu/mar/ORD-110/administrations/ADM-0000) -> HTTP 404
      absent id (http://localhost:8080/api/icu/mar/ORD-110/administrations/2020-01-01T00:07) -> HTTP 404
PASS  [9] Held requires a reason (validation live); with reason → 200 + persisted
      held without reason -> HTTP 400
      malformed '{}' -> HTTP 400
      malformed '{"action":"maybe"}' -> HTTP 400
      malformed '{"action":"given","extra":1}' -> HTTP 400
      held with reason: SBP 82 — holding per parameters
PASS  [10] OVERDUE DELAY REASON (option a) — a 2h+ overdue dose cannot be given WITHOUT a reason (non
      seeded overdue instance: ORD-2003 / 2026-10-05T03:00~r1
      overdue given w/o reason -> HTTP 400
      refusal: this dose was scheduled at 2026-10-05 03:00 and is 5h 08m overdue — a delay reason is required to document it given
      administeredAt in the future -> HTTP 400
      administeredAt on held -> HTTP 400
PASS  [11] Cleanup — discharge the run encounter (runs on failure/cancel too)
      discharge ENC-1017 -> HTTP 200
      encounters final: discharged
      cleanup complete
SUITE PASSED
