clock (server wire, UTC): now=2026-10-04 23:26  run=232626
admitted synthetic P-1038 (ENC-1039) at B-16
hospital now 2026-10-05 02:26 · hospital midnight = 2026-10-04 21:00 UTC (UTC date 2026-10-04, hospital date 2026-10-05)
synthetic patient P-1038 (ENC-1039); 17 MAR rows:
  ORD-196 ADM-614                sched=2026-10-04 22:00  given     doc=2026-10-04 22:05 round=1
  ORD-196 ADM-615                sched=2026-10-04 23:05  held      doc=2026-10-04 23:26 round=2
  ORD-196 2026-10-05T00:05~r3    sched=2026-10-05 00:05  scheduled doc=— round=3
  ORD-197 ADM-616                sched=2026-10-04 22:00  given     doc=2026-10-04 22:10 round=1
  ORD-197 2026-10-05T02:10~r2    sched=2026-10-05 02:10  scheduled doc=— round=2
  ORD-198 2026-10-04T18:00~r1    sched=2026-10-04 18:00  scheduled doc=— round=1
  ORD-199 ADM-617                sched=2026-10-04 21:00  given     doc=2026-10-04 23:26 round=1
  ORD-199 2026-10-05T23:26~r2    sched=2026-10-05 23:26  scheduled doc=— round=2
  ORD-200 ADM-618                sched=2026-10-04 20:00  given     doc=2026-10-04 21:20 round=1
  ORD-200 2026-10-05T03:20~r2    sched=2026-10-05 03:20  scheduled doc=— round=2
  ORD-201 ADM-619                sched=—                 given     doc=2026-10-04 19:00 round=None
  ORD-201 ADM-620                sched=—                 given     doc=2026-10-04 23:26 round=None
  ORD-201 prn                    sched=—                 scheduled doc=— round=None
  ORD-202 ADM-621                sched=—                 given     doc=2026-10-04 18:30 round=None
  ORD-202 ondemand               sched=—                 scheduled doc=— round=None
  ORD-203 ADM-LEG2326262         sched=D-1 20:00         refused   doc=D-1 20:10 round=None
  ORD-203 ADM-LEG2326261         sched=08:00             given     doc=08:05 round=None
