{
 "pid": "P-1028",
 "eid": "ENC-1030",
 "run": "083029",
 "setupAtUtc": "2026-10-05 08:30",
 "lockDueUtc": "2026-10-05 08:34",
 "orders": {
  "LOCK": {
   "oid": "ORD-152",
   "round2": "2026-10-05T08:34~r2",
   "due": "2026-10-05 08:34"
  },
  "RAPID": {
   "oid": "ORD-153",
   "round2": "2026-10-05T08:29~r2",
   "due": "2026-10-05 08:29"
  },
  "DIALOG": {
   "oid": "ORD-154",
   "round2": "2026-10-05T08:29~r2",
   "due": "2026-10-05 08:29"
  },
  "UNCREC": {
   "oid": "ORD-155",
   "round2": "2026-10-05T08:29~r2",
   "due": "2026-10-05 08:29"
  },
  "UNCNOT": {
   "oid": "ORD-156",
   "round2": "2026-10-05T08:29~r2",
   "due": "2026-10-05 08:29"
  },
  "STALE": {
   "oid": "ORD-157",
   "round2": "2026-10-05T08:29~r2",
   "due": "2026-10-05 08:29"
  },
  "CONT": {
   "oid": "ORD-158",
   "round2": "ondemand",
   "due": ""
  }
 }
}
